[debug] [2026-07-13T19:05:38.806Z] [Firebase Plugin] Activating Firebase extension.
[info] [Firebase Plugin] Checked firebase-tools, is up to date!
[debug] [2026-07-13T19:05:41.368Z] [Firebase Plugin] requireAuthWrapper
[debug] [2026-07-13T19:05:41.369Z] > command requires scopes: ["email","openid","https://www.googleapis.com/auth/cloudplatformprojects.readonly","https://www.googleapis.com/auth/firebase","https://www.googleapis.com/auth/cloud-platform"]
[debug] [2026-07-13T19:05:41.370Z] > authorizing via signed-in user (sebasmol2010@gmail.com)
[debug] [2026-07-13T19:05:41.374Z] Checked if tokens are valid: false, expires at: 1783967157576
[debug] [2026-07-13T19:05:41.374Z] Checked if tokens are valid: false, expires at: 1783967157576
[debug] [2026-07-13T19:05:41.375Z] > refreshing access token with scopes: []
[debug] [2026-07-13T19:05:41.376Z] >>> [apiv2][query] POST https://www.googleapis.com/oauth2/v3/token [none]
[debug] [2026-07-13T19:05:41.376Z] >>> [apiv2][body] POST https://www.googleapis.com/oauth2/v3/token [omitted]
[debug] [2026-07-13T19:05:41.396Z] [Firebase Plugin] VSCode notification server listening on port 40001
[info] [Firebase Plugin] Starting SQL Connect toolkit (version 3.4.11) on port 50001
[info] i  dataconnect: downloading dataconnect-emulator-3.4.11.exe... {"metadata":{"emulator":{"name":"dataconnect"},"message":"downloading dataconnect-emulator-3.4.11.exe..."}}
[debug] [2026-07-13T19:05:41.638Z] >>> [apiv2][query] GET https://storage.googleapis.com/firemat-preview-drop/emulator/dataconnect-emulator-windows-amd64-v3.4.11 
[debug] [2026-07-13T19:05:41.653Z] <<< [apiv2][status] POST https://www.googleapis.com/oauth2/v3/token 200
[debug] [2026-07-13T19:05:41.653Z] <<< [apiv2][body] POST https://www.googleapis.com/oauth2/v3/token [omitted]
[debug] [2026-07-13T19:05:41.675Z] [Firebase Plugin] User found:  sebasmol2010@gmail.com
[info] [Firebase Plugin] (Core:Project) New user detected, fetching projects
[debug] [2026-07-13T19:05:41.676Z] Checked if tokens are valid: true, expires at: 1783973140653
[debug] [2026-07-13T19:05:41.676Z] >>> [apiv2][query] GET https://firebase.googleapis.com/v1beta1/projects pageSize=1000
[debug] [2026-07-13T19:05:42.372Z] <<< [apiv2][status] GET https://storage.googleapis.com/firemat-preview-drop/emulator/dataconnect-emulator-windows-amd64-v3.4.11 200
[debug] [2026-07-13T19:05:42.372Z] <<< [apiv2][body] GET https://storage.googleapis.com/firemat-preview-drop/emulator/dataconnect-emulator-windows-amd64-v3.4.11 [stream]
[debug] [2026-07-13T19:05:42.595Z] <<< [apiv2][status] GET https://firebase.googleapis.com/v1beta1/projects 200
[debug] [2026-07-13T19:05:42.595Z] <<< [apiv2][body] GET https://firebase.googleapis.com/v1beta1/projects [omitted]
[debug] [2026-07-13T19:05:49.019Z] 'fdc build' failed with error: Unable to build your SQL Connect schema and connectors (exit code 1): E0713 16:05:48.985043   23444 cmd.go:43] Error loading data connect config: could not find dataconnect.yaml in `c:\Users\soporte\Documents\Proyectos\it-support-price-monitor\dataconnect`
 {"metadata":{"emulator":{"name":"dataconnect"},"message":"'fdc build' failed with error: Unable to build your SQL Connect schema and connectors (exit code 1): E0713 16:05:48.985043   23444 cmd.go:43] Error loading data connect config: could not find dataconnect.yaml in `c:\\Users\\soporte\\Documents\\Proyectos\\it-support-price-monitor\\dataconnect`\n"}}
[debug] [2026-07-13T19:05:49.021Z] Ignoring unsupported arg: auto_download {"metadata":{"emulator":{"name":"dataconnect"},"message":"Ignoring unsupported arg: auto_download"}}
[debug] [2026-07-13T19:05:49.022Z] Ignoring unsupported arg: port {"metadata":{"emulator":{"name":"dataconnect"},"message":"Ignoring unsupported arg: port"}}
[debug] [2026-07-13T19:05:49.022Z] Starting SQL Connect Emulator with command {"binary":"C:\\Users\\soporte\\.cache\\firebase\\emulators\\dataconnect-emulator-3.4.11.exe","args":["--logtostderr","-v=2","dev","--listen=localhost:50001","--config_dir=c:\\Users\\soporte\\Documents\\Proyectos\\it-support-price-monitor\\dataconnect","--enable_output_schema_extensions=true","--enable_output_generated_sdk=true"],"optionalArgs":["listen","config_dir","enable_output_schema_extensions","enable_output_generated_sdk"],"joinArgs":true,"shell":false,"port":9399} {"metadata":{"emulator":{"name":"dataconnect"},"message":"Starting SQL Connect Emulator with command {\"binary\":\"C:\\\\Users\\\\soporte\\\\.cache\\\\firebase\\\\emulators\\\\dataconnect-emulator-3.4.11.exe\",\"args\":[\"--logtostderr\",\"-v=2\",\"dev\",\"--listen=localhost:50001\",\"--config_dir=c:\\\\Users\\\\soporte\\\\Documents\\\\Proyectos\\\\it-support-price-monitor\\\\dataconnect\",\"--enable_output_schema_extensions=true\",\"--enable_output_generated_sdk=true\"],\"optionalArgs\":[\"listen\",\"config_dir\",\"enable_output_schema_extensions\",\"enable_output_generated_sdk\"],\"joinArgs\":true,\"shell\":false,\"port\":9399}"}}
[info] i  dataconnect: SQL Connect Emulator logging to dataconnect-debug.log {"metadata":{"emulator":{"name":"dataconnect"},"message":"SQL Connect Emulator logging to \u001b[1mdataconnect-debug.log\u001b[22m"}}
[debug] [2026-07-13T19:05:49.087Z] E0713 16:05:49.084326   12328 dev.go:83] Failed to load initial config from "c:\\Users\\soporte\\Documents\\Proyectos\\it-support-price-monitor\\dataconnect": could not find dataconnect.yaml in `c:\Users\soporte\Documents\Proyectos\it-support-price-monitor\dataconnect`
 {"metadata":{"emulator":{"name":"dataconnect"},"message":"E0713 16:05:49.084326   12328 dev.go:83] Failed to load initial config from \"c:\\\\Users\\\\soporte\\\\Documents\\\\Proyectos\\\\it-support-price-monitor\\\\dataconnect\": could not find dataconnect.yaml in `c:\\Users\\soporte\\Documents\\Proyectos\\it-support-price-monitor\\dataconnect`\n"}}
[debug] [2026-07-13T19:05:49.097Z] E0713 16:05:49.088321   12328 watch.go:116] watchAllDir unable to walk dir `c:\Users\soporte\Documents\Proyectos\it-support-price-monitor\dataconnect`: GetFileAttributesEx c:\Users\soporte\Documents\Proyectos\it-support-price-monitor\dataconnect: The system cannot find the file specified.
 {"metadata":{"emulator":{"name":"dataconnect"},"message":"E0713 16:05:49.088321   12328 watch.go:116] watchAllDir unable to walk dir `c:\\Users\\soporte\\Documents\\Proyectos\\it-support-price-monitor\\dataconnect`: GetFileAttributesEx c:\\Users\\soporte\\Documents\\Proyectos\\it-support-price-monitor\\dataconnect: The system cannot find the file specified.\n"}}
[debug] [2026-07-13T19:05:49.098Z] I0713 16:05:49.096635   12328 dev.go:104] Listening on address (HTTP + gRPC): 127.0.0.1:50001
 {"metadata":{"emulator":{"name":"dataconnect"},"message":"I0713 16:05:49.096635   12328 dev.go:104] Listening on address (HTTP + gRPC): 127.0.0.1:50001\n"}}
[error] [Firebase Plugin] error:  {}
[debug] [2026-07-13T19:05:57.598Z] [Firebase Plugin] Value of process.env.MONOSPACE_ENV: undefined
[debug] [2026-07-13T19:05:57.599Z] [Firebase Plugin] requireAuthWrapper
[debug] [2026-07-13T19:05:57.601Z] > command requires scopes: ["email","openid","https://www.googleapis.com/auth/cloudplatformprojects.readonly","https://www.googleapis.com/auth/firebase","https://www.googleapis.com/auth/cloud-platform"]
[debug] [2026-07-13T19:05:57.601Z] > authorizing via signed-in user (sebasmol2010@gmail.com)
[debug] [2026-07-13T19:05:57.601Z] Checked if tokens are valid: true, expires at: 1783973140653
[debug] [2026-07-13T19:05:57.601Z] [Firebase Plugin] User found:  sebasmol2010@gmail.com
[info] [Firebase Plugin] (Core:Project) New user detected, fetching projects
[debug] [2026-07-13T19:05:57.602Z] Checked if tokens are valid: true, expires at: 1783973140653
[debug] [2026-07-13T19:05:57.603Z] >>> [apiv2][query] GET https://firebase.googleapis.com/v1beta1/projects pageSize=1000
[debug] [2026-07-13T19:05:57.618Z] [Firebase Plugin] Value of process.env.MONOSPACE_ENV: undefined
[debug] [2026-07-13T19:05:57.618Z] [Firebase Plugin] requireAuthWrapper
[debug] [2026-07-13T19:05:57.619Z] > command requires scopes: ["email","openid","https://www.googleapis.com/auth/cloudplatformprojects.readonly","https://www.googleapis.com/auth/firebase","https://www.googleapis.com/auth/cloud-platform"]
[debug] [2026-07-13T19:05:57.619Z] > authorizing via signed-in user (sebasmol2010@gmail.com)
[debug] [2026-07-13T19:05:57.619Z] Checked if tokens are valid: true, expires at: 1783973140653
[debug] [2026-07-13T19:05:57.619Z] [Firebase Plugin] User found:  sebasmol2010@gmail.com
[info] [Firebase Plugin] (Core:Project) New user detected, fetching projects
[debug] [2026-07-13T19:05:57.620Z] Checked if tokens are valid: true, expires at: 1783973140653
[debug] [2026-07-13T19:05:57.620Z] >>> [apiv2][query] GET https://firebase.googleapis.com/v1beta1/projects pageSize=1000
[debug] [2026-07-13T19:05:58.236Z] <<< [apiv2][status] GET https://firebase.googleapis.com/v1beta1/projects 200
[debug] [2026-07-13T19:05:58.236Z] <<< [apiv2][body] GET https://firebase.googleapis.com/v1beta1/projects [omitted]
[debug] [2026-07-13T19:05:58.283Z] <<< [apiv2][status] GET https://firebase.googleapis.com/v1beta1/projects 200
[debug] [2026-07-13T19:05:58.284Z] <<< [apiv2][body] GET https://firebase.googleapis.com/v1beta1/projects [omitted]
[debug] [2026-07-13T19:05:59.091Z] E0713 16:05:59.090661   12328 watch.go:40] Failed to load config from "c:\\Users\\soporte\\Documents\\Proyectos\\it-support-price-monitor\\dataconnect": could not find dataconnect.yaml in `c:\Users\soporte\Documents\Proyectos\it-support-price-monitor\dataconnect`
 {"metadata":{"emulator":{"name":"dataconnect"},"message":"E0713 16:05:59.090661   12328 watch.go:40] Failed to load config from \"c:\\\\Users\\\\soporte\\\\Documents\\\\Proyectos\\\\it-support-price-monitor\\\\dataconnect\": could not find dataconnect.yaml in `c:\\Users\\soporte\\Documents\\Proyectos\\it-support-price-monitor\\dataconnect`\n"}}
[debug] [2026-07-13T19:06:09.089Z] E0713 16:06:09.089870   12328 watch.go:40] Failed to load config from "c:\\Users\\soporte\\Documents\\Proyectos\\it-support-price-monitor\\dataconnect": could not find dataconnect.yaml in `c:\Users\soporte\Documents\Proyectos\it-support-price-monitor\dataconnect`
 {"metadata":{"emulator":{"name":"dataconnect"},"message":"E0713 16:06:09.089870   12328 watch.go:40] Failed to load config from \"c:\\\\Users\\\\soporte\\\\Documents\\\\Proyectos\\\\it-support-price-monitor\\\\dataconnect\": could not find dataconnect.yaml in `c:\\Users\\soporte\\Documents\\Proyectos\\it-support-price-monitor\\dataconnect`\n"}}
[debug] [2026-07-13T19:06:19.091Z] E0713 16:06:19.090761   12328 watch.go:40] Failed to load config from "c:\\Users\\soporte\\Documents\\Proyectos\\it-support-price-monitor\\dataconnect": could not find dataconnect.yaml in `c:\Users\soporte\Documents\Proyectos\it-support-price-monitor\dataconnect`
 {"metadata":{"emulator":{"name":"dataconnect"},"message":"E0713 16:06:19.090761   12328 watch.go:40] Failed to load config from \"c:\\\\Users\\\\soporte\\\\Documents\\\\Proyectos\\\\it-support-price-monitor\\\\dataconnect\": could not find dataconnect.yaml in `c:\\Users\\soporte\\Documents\\Proyectos\\it-support-price-monitor\\dataconnect`\n"}}
[debug] [2026-07-13T19:06:29.090Z] E0713 16:06:29.089864   12328 watch.go:40] Failed to load config from "c:\\Users\\soporte\\Documents\\Proyectos\\it-support-price-monitor\\dataconnect": could not find dataconnect.yaml in `c:\Users\soporte\Documents\Proyectos\it-support-price-monitor\dataconnect`
 {"metadata":{"emulator":{"name":"dataconnect"},"message":"E0713 16:06:29.089864   12328 watch.go:40] Failed to load config from \"c:\\\\Users\\\\soporte\\\\Documents\\\\Proyectos\\\\it-support-price-monitor\\\\dataconnect\": could not find dataconnect.yaml in `c:\\Users\\soporte\\Documents\\Proyectos\\it-support-price-monitor\\dataconnect`\n"}}
[debug] [2026-07-13T19:06:39.090Z] E0713 16:06:39.090133   12328 watch.go:40] Failed to load config from "c:\\Users\\soporte\\Documents\\Proyectos\\it-support-price-monitor\\dataconnect": could not find dataconnect.yaml in `c:\Users\soporte\Documents\Proyectos\it-support-price-monitor\dataconnect`
 {"metadata":{"emulator":{"name":"dataconnect"},"message":"E0713 16:06:39.090133   12328 watch.go:40] Failed to load config from \"c:\\\\Users\\\\soporte\\\\Documents\\\\Proyectos\\\\it-support-price-monitor\\\\dataconnect\": could not find dataconnect.yaml in `c:\\Users\\soporte\\Documents\\Proyectos\\it-support-price-monitor\\dataconnect`\n"}}
[debug] [2026-07-13T19:06:49.089Z] E0713 16:06:49.089829   12328 watch.go:116] watchAllDir unable to walk dir `c:\Users\soporte\Documents\Proyectos\it-support-price-monitor\dataconnect`: GetFileAttributesEx c:\Users\soporte\Documents\Proyectos\it-support-price-monitor\dataconnect: The system cannot find the file specified.
 {"metadata":{"emulator":{"name":"dataconnect"},"message":"E0713 16:06:49.089829   12328 watch.go:116] watchAllDir unable to walk dir `c:\\Users\\soporte\\Documents\\Proyectos\\it-support-price-monitor\\dataconnect`: GetFileAttributesEx c:\\Users\\soporte\\Documents\\Proyectos\\it-support-price-monitor\\dataconnect: The system cannot find the file specified.\n"}}
[debug] [2026-07-13T19:06:49.090Z] E0713 16:06:49.089829   12328 watch.go:40] Failed to load config from "c:\\Users\\soporte\\Documents\\Proyectos\\it-support-price-monitor\\dataconnect": could not find dataconnect.yaml in `c:\Users\soporte\Documents\Proyectos\it-support-price-monitor\dataconnect`
 {"metadata":{"emulator":{"name":"dataconnect"},"message":"E0713 16:06:49.089829   12328 watch.go:40] Failed to load config from \"c:\\\\Users\\\\soporte\\\\Documents\\\\Proyectos\\\\it-support-price-monitor\\\\dataconnect\": could not find dataconnect.yaml in `c:\\Users\\soporte\\Documents\\Proyectos\\it-support-price-monitor\\dataconnect`\n"}}
[debug] [2026-07-13T19:06:59.090Z] E0713 16:06:59.090418   12328 watch.go:40] Failed to load config from "c:\\Users\\soporte\\Documents\\Proyectos\\it-support-price-monitor\\dataconnect": could not find dataconnect.yaml in `c:\Users\soporte\Documents\Proyectos\it-support-price-monitor\dataconnect`
 {"metadata":{"emulator":{"name":"dataconnect"},"message":"E0713 16:06:59.090418   12328 watch.go:40] Failed to load config from \"c:\\\\Users\\\\soporte\\\\Documents\\\\Proyectos\\\\it-support-price-monitor\\\\dataconnect\": could not find dataconnect.yaml in `c:\\Users\\soporte\\Documents\\Proyectos\\it-support-price-monitor\\dataconnect`\n"}}
[debug] [2026-07-13T19:07:09.309Z] E0713 16:07:09.307104   12328 watch.go:40] Failed to load config from "c:\\Users\\soporte\\Documents\\Proyectos\\it-support-price-monitor\\dataconnect": could not find dataconnect.yaml in `c:\Users\soporte\Documents\Proyectos\it-support-price-monitor\dataconnect`
 {"metadata":{"emulator":{"name":"dataconnect"},"message":"E0713 16:07:09.307104   12328 watch.go:40] Failed to load config from \"c:\\\\Users\\\\soporte\\\\Documents\\\\Proyectos\\\\it-support-price-monitor\\\\dataconnect\": could not find dataconnect.yaml in `c:\\Users\\soporte\\Documents\\Proyectos\\it-support-price-monitor\\dataconnect`\n"}}
[debug] [2026-07-13T19:07:19.090Z] E0713 16:07:19.090364   12328 watch.go:40] Failed to load config from "c:\\Users\\soporte\\Documents\\Proyectos\\it-support-price-monitor\\dataconnect": could not find dataconnect.yaml in `c:\Users\soporte\Documents\Proyectos\it-support-price-monitor\dataconnect`
 {"metadata":{"emulator":{"name":"dataconnect"},"message":"E0713 16:07:19.090364   12328 watch.go:40] Failed to load config from \"c:\\\\Users\\\\soporte\\\\Documents\\\\Proyectos\\\\it-support-price-monitor\\\\dataconnect\": could not find dataconnect.yaml in `c:\\Users\\soporte\\Documents\\Proyectos\\it-support-price-monitor\\dataconnect`\n"}}
[debug] [2026-07-13T19:07:29.090Z] E0713 16:07:29.089892   12328 watch.go:40] Failed to load config from "c:\\Users\\soporte\\Documents\\Proyectos\\it-support-price-monitor\\dataconnect": could not find dataconnect.yaml in `c:\Users\soporte\Documents\Proyectos\it-support-price-monitor\dataconnect`
 {"metadata":{"emulator":{"name":"dataconnect"},"message":"E0713 16:07:29.089892   12328 watch.go:40] Failed to load config from \"c:\\\\Users\\\\soporte\\\\Documents\\\\Proyectos\\\\it-support-price-monitor\\\\dataconnect\": could not find dataconnect.yaml in `c:\\Users\\soporte\\Documents\\Proyectos\\it-support-price-monitor\\dataconnect`\n"}}
[debug] [2026-07-13T19:07:39.091Z] E0713 16:07:39.091174   12328 watch.go:40] Failed to load config from "c:\\Users\\soporte\\Documents\\Proyectos\\it-support-price-monitor\\dataconnect": could not find dataconnect.yaml in `c:\Users\soporte\Documents\Proyectos\it-support-price-monitor\dataconnect`
 {"metadata":{"emulator":{"name":"dataconnect"},"message":"E0713 16:07:39.091174   12328 watch.go:40] Failed to load config from \"c:\\\\Users\\\\soporte\\\\Documents\\\\Proyectos\\\\it-support-price-monitor\\\\dataconnect\": could not find dataconnect.yaml in `c:\\Users\\soporte\\Documents\\Proyectos\\it-support-price-monitor\\dataconnect`\n"}}
[debug] [2026-07-13T19:07:49.443Z] E0713 16:07:49.090124   12328 watch.go:116] watchAllDir unable to walk dir `c:\Users\soporte\Documents\Proyectos\it-support-price-monitor\dataconnect`: GetFileAttributesEx c:\Users\soporte\Documents\Proyectos\it-support-price-monitor\dataconnect: The system cannot find the file specified.
 {"metadata":{"emulator":{"name":"dataconnect"},"message":"E0713 16:07:49.090124   12328 watch.go:116] watchAllDir unable to walk dir `c:\\Users\\soporte\\Documents\\Proyectos\\it-support-price-monitor\\dataconnect`: GetFileAttributesEx c:\\Users\\soporte\\Documents\\Proyectos\\it-support-price-monitor\\dataconnect: The system cannot find the file specified.\n"}}
[debug] [2026-07-13T19:07:51.444Z] E0713 16:07:50.634154   12328 watch.go:40] Failed to load config from "c:\\Users\\soporte\\Documents\\Proyectos\\it-support-price-monitor\\dataconnect": could not find dataconnect.yaml in `c:\Users\soporte\Documents\Proyectos\it-support-price-monitor\dataconnect`
 {"metadata":{"emulator":{"name":"dataconnect"},"message":"E0713 16:07:50.634154   12328 watch.go:40] Failed to load config from \"c:\\\\Users\\\\soporte\\\\Documents\\\\Proyectos\\\\it-support-price-monitor\\\\dataconnect\": could not find dataconnect.yaml in `c:\\Users\\soporte\\Documents\\Proyectos\\it-support-price-monitor\\dataconnect`\n"}}
[debug] [2026-07-13T19:07:59.090Z] E0713 16:07:59.090409   12328 watch.go:40] Failed to load config from "c:\\Users\\soporte\\Documents\\Proyectos\\it-support-price-monitor\\dataconnect": could not find dataconnect.yaml in `c:\Users\soporte\Documents\Proyectos\it-support-price-monitor\dataconnect`
 {"metadata":{"emulator":{"name":"dataconnect"},"message":"E0713 16:07:59.090409   12328 watch.go:40] Failed to load config from \"c:\\\\Users\\\\soporte\\\\Documents\\\\Proyectos\\\\it-support-price-monitor\\\\dataconnect\": could not find dataconnect.yaml in `c:\\Users\\soporte\\Documents\\Proyectos\\it-support-price-monitor\\dataconnect`\n"}}
[debug] [2026-07-13T19:08:09.876Z] E0713 16:08:09.084355   12328 watch.go:40] Failed to load config from "c:\\Users\\soporte\\Documents\\Proyectos\\it-support-price-monitor\\dataconnect": could not find dataconnect.yaml in `c:\Users\soporte\Documents\Proyectos\it-support-price-monitor\dataconnect`
 {"metadata":{"emulator":{"name":"dataconnect"},"message":"E0713 16:08:09.084355   12328 watch.go:40] Failed to load config from \"c:\\\\Users\\\\soporte\\\\Documents\\\\Proyectos\\\\it-support-price-monitor\\\\dataconnect\": could not find dataconnect.yaml in `c:\\Users\\soporte\\Documents\\Proyectos\\it-support-price-monitor\\dataconnect`\n"}}
[debug] [2026-07-13T19:08:19.090Z] E0713 16:08:19.078232   12328 watch.go:40] Failed to load config from "c:\\Users\\soporte\\Documents\\Proyectos\\it-support-price-monitor\\dataconnect": could not find dataconnect.yaml in `c:\Users\soporte\Documents\Proyectos\it-support-price-monitor\dataconnect`
 {"metadata":{"emulator":{"name":"dataconnect"},"message":"E0713 16:08:19.078232   12328 watch.go:40] Failed to load config from \"c:\\\\Users\\\\soporte\\\\Documents\\\\Proyectos\\\\it-support-price-monitor\\\\dataconnect\": could not find dataconnect.yaml in `c:\\Users\\soporte\\Documents\\Proyectos\\it-support-price-monitor\\dataconnect`\n"}}
[debug] [2026-07-13T19:08:29.090Z] E0713 16:08:29.072516   12328 watch.go:40] Failed to load config from "c:\\Users\\soporte\\Documents\\Proyectos\\it-support-price-monitor\\dataconnect": could not find dataconnect.yaml in `c:\Users\soporte\Documents\Proyectos\it-support-price-monitor\dataconnect`
 {"metadata":{"emulator":{"name":"dataconnect"},"message":"E0713 16:08:29.072516   12328 watch.go:40] Failed to load config from \"c:\\\\Users\\\\soporte\\\\Documents\\\\Proyectos\\\\it-support-price-monitor\\\\dataconnect\": could not find dataconnect.yaml in `c:\\Users\\soporte\\Documents\\Proyectos\\it-support-price-monitor\\dataconnect`\n"}}
[debug] [2026-07-13T19:08:39.090Z] E0713 16:08:39.066037   12328 watch.go:40] Failed to load config from "c:\\Users\\soporte\\Documents\\Proyectos\\it-support-price-monitor\\dataconnect": could not find dataconnect.yaml in `c:\Users\soporte\Documents\Proyectos\it-support-price-monitor\dataconnect`
 {"metadata":{"emulator":{"name":"dataconnect"},"message":"E0713 16:08:39.066037   12328 watch.go:40] Failed to load config from \"c:\\\\Users\\\\soporte\\\\Documents\\\\Proyectos\\\\it-support-price-monitor\\\\dataconnect\": could not find dataconnect.yaml in `c:\\Users\\soporte\\Documents\\Proyectos\\it-support-price-monitor\\dataconnect`\n"}}
[debug] [2026-07-13T19:08:49.090Z] E0713 16:08:49.059792   12328 watch.go:116] watchAllDir unable to walk dir `c:\Users\soporte\Documents\Proyectos\it-support-price-monitor\dataconnect`: GetFileAttributesEx c:\Users\soporte\Documents\Proyectos\it-support-price-monitor\dataconnect: The system cannot find the file specified.
E0713 16:08:49.059792   12328 watch.go:40] Failed to load config from "c:\\Users\\soporte\\Documents\\Proyectos\\it-support-price-monitor\\dataconnect": could not find dataconnect.yaml in `c:\Users\soporte\Documents\Proyectos\it-support-price-monitor\dataconnect`
 {"metadata":{"emulator":{"name":"dataconnect"},"message":"E0713 16:08:49.059792   12328 watch.go:116] watchAllDir unable to walk dir `c:\\Users\\soporte\\Documents\\Proyectos\\it-support-price-monitor\\dataconnect`: GetFileAttributesEx c:\\Users\\soporte\\Documents\\Proyectos\\it-support-price-monitor\\dataconnect: The system cannot find the file specified.\nE0713 16:08:49.059792   12328 watch.go:40] Failed to load config from \"c:\\\\Users\\\\soporte\\\\Documents\\\\Proyectos\\\\it-support-price-monitor\\\\dataconnect\": could not find dataconnect.yaml in `c:\\Users\\soporte\\Documents\\Proyectos\\it-support-price-monitor\\dataconnect`\n"}}
[debug] [2026-07-13T19:08:59.090Z] E0713 16:08:59.054161   12328 watch.go:40] Failed to load config from "c:\\Users\\soporte\\Documents\\Proyectos\\it-support-price-monitor\\dataconnect": could not find dataconnect.yaml in `c:\Users\soporte\Documents\Proyectos\it-support-price-monitor\dataconnect`
 {"metadata":{"emulator":{"name":"dataconnect"},"message":"E0713 16:08:59.054161   12328 watch.go:40] Failed to load config from \"c:\\\\Users\\\\soporte\\\\Documents\\\\Proyectos\\\\it-support-price-monitor\\\\dataconnect\": could not find dataconnect.yaml in `c:\\Users\\soporte\\Documents\\Proyectos\\it-support-price-monitor\\dataconnect`\n"}}
[debug] [2026-07-13T19:09:09.054Z] E0713 16:09:09.048351   12328 watch.go:40] Failed to load config from "c:\\Users\\soporte\\Documents\\Proyectos\\it-support-price-monitor\\dataconnect": could not find dataconnect.yaml in `c:\Users\soporte\Documents\Proyectos\it-support-price-monitor\dataconnect`
 {"metadata":{"emulator":{"name":"dataconnect"},"message":"E0713 16:09:09.048351   12328 watch.go:40] Failed to load config from \"c:\\\\Users\\\\soporte\\\\Documents\\\\Proyectos\\\\it-support-price-monitor\\\\dataconnect\": could not find dataconnect.yaml in `c:\\Users\\soporte\\Documents\\Proyectos\\it-support-price-monitor\\dataconnect`\n"}}
[debug] [2026-07-13T19:09:23.465Z] I0713 16:09:23.332191   12328 load.go:31] Reloading schema and connectors...
 {"metadata":{"emulator":{"name":"dataconnect"},"message":"I0713 16:09:23.332191   12328 load.go:31] Reloading schema and connectors...\n"}}
[debug] [2026-07-13T19:09:23.515Z] I0713 16:09:23.492986   12328 control.go:100] [projects/emulator/locations/emulator/services/it-support-price-monitor-service 08bf] UpdateResources(): done
Main schema: sources: schema\schema.gql [0B] 
Connector "example": sources: 
 {"metadata":{"emulator":{"name":"dataconnect"},"message":"I0713 16:09:23.492986   12328 control.go:100] [projects/emulator/locations/emulator/services/it-support-price-monitor-service 08bf] UpdateResources(): done\nMain schema: sources: schema\\schema.gql [0B] \nConnector \"example\": sources: \n"}}
[debug] [2026-07-13T19:09:23.533Z] E0713 16:09:23.519146   12328 load.go:95] Errors generating SDK: [connector "example"]: invalid Data Connect Connector no query found in connector
 {"metadata":{"emulator":{"name":"dataconnect"},"message":"E0713 16:09:23.519146   12328 load.go:95] Errors generating SDK: [connector \"example\"]: invalid Data Connect Connector no query found in connector\n"}}
[debug] [2026-07-13T19:09:23.544Z] I0713 16:09:23.527524   12328 collector.go:107] schema extensions wrote into "c:\\Users\\soporte\\Documents\\Proyectos\\it-support-price-monitor\\dataconnect\\.dataconnect\\schema"
Generated sources: prelude.gql [84995B] 
I0713 16:09:23.529085   12328 load.go:109] Finished reloading
 {"metadata":{"emulator":{"name":"dataconnect"},"message":"I0713 16:09:23.527524   12328 collector.go:107] schema extensions wrote into \"c:\\\\Users\\\\soporte\\\\Documents\\\\Proyectos\\\\it-support-price-monitor\\\\dataconnect\\\\.dataconnect\\\\schema\"\nGenerated sources: prelude.gql [84995B] \nI0713 16:09:23.529085   12328 load.go:109] Finished reloading\n"}}
